src/components/CommandPalette.tsx(125,5): error TS2532: Object is possibly 'undefined'.
src/components/CommandPalette.tsx(162,13): error TS7030: Not all code paths return a value.
src/components/ui/DropdownMenu.tsx(21,13): error TS7030: Not all code paths return a value.
src/features/canvas/components/CanvasContainer.tsx(74,19): error TS2345: Argument of type 'string' is not assignable to parameter of type 'ElementId'.
  Type 'string' is not assignable to type '{ __brand: "ElementId"; }'.
src/features/canvas/components/CanvasContainer.tsx(267,25): error TS2345: Argument of type 'string' is not assignable to parameter of type 'ElementId'.
  Type 'string' is not assignable to type '{ __brand: "ElementId"; }'.
src/features/canvas/components/CanvasContainer.tsx(320,11): error TS2322: Type '(id: ElementId, updates: Partial<CanvasElement>) => void' is not assignable to type '(id: ElementId | SectionId, updates: Partial<CanvasElement>) => void'.
  Types of parameters 'id' and 'id' are incompatible.
    Type 'ElementId | SectionId' is not assignable to type 'ElementId'.
      Type 'SectionId' is not assignable to type 'ElementId'.
        Type 'SectionId' is not assignable to type '{ __brand: "ElementId"; }'.
          Types of property '__brand' are incompatible.
            Type '"SectionId"' is not assignable to type '"ElementId"'.
src/features/canvas/components/FloatingTextToolbar.tsx(116,23): error TS6133: 'onChange' is declared but its value is never read.
src/features/canvas/components/FloatingTextToolbar.tsx(117,9): error TS6133: 'colors' is declared but its value is never read.
src/features/canvas/components/GroupedSectionRenderer.tsx(39,3): error TS6133: 'onElementClick' is declared but its value is never read.
src/features/canvas/components/GroupedSectionRenderer2.tsx(161,9): error TS2412: Type '((sectionId: SectionId, newWidth: number, newHeight: number) => void) | undefined' is not assignable to type '((sectionId: string, newWidth: number, newHeight: number) => void) | undefined' with 'exactOptionalPropertyTypes: true'. Consider adding 'undefined' to the type of the target.
src/features/canvas/components/ImprovedTable.tsx(78,9): error TS6133: 'lastResizeTimeRef' is declared but its value is never read.
src/features/canvas/components/ImprovedTable.tsx(93,21): error TS2345: Argument of type 'string' is not assignable to parameter of type 'ElementId'.
  Type 'string' is not assignable to type '{ __brand: "ElementId"; }'.
src/features/canvas/components/ImprovedTable.tsx(109,19): error TS2345: Argument of type 'string' is not assignable to parameter of type 'ElementId'.
  Type 'string' is not assignable to type '{ __brand: "ElementId"; }'.
src/features/canvas/components/ImprovedTable.tsx(122,19): error TS2345: Argument of type 'string' is not assignable to parameter of type 'ElementId'.
  Type 'string' is not assignable to type '{ __brand: "ElementId"; }'.
src/features/canvas/components/ImprovedTable.tsx(133,19): error TS2345: Argument of type 'string' is not assignable to parameter of type 'ElementId'.
  Type 'string' is not assignable to type '{ __brand: "ElementId"; }'.
src/features/canvas/components/ImprovedTable.tsx(143,19): error TS2345: Argument of type 'string' is not assignable to parameter of type 'ElementId'.
  Type 'string' is not assignable to type '{ __brand: "ElementId"; }'.
src/features/canvas/components/ImprovedTable.tsx(173,7): error TS2532: Object is possibly 'undefined'.
src/features/canvas/components/ImprovedTable.tsx(174,21): error TS2345: Argument of type 'string' is not assignable to parameter of type 'ElementId'.
  Type 'string' is not assignable to type '{ __brand: "ElementId"; }'.
src/features/canvas/components/ImprovedTable.tsx(289,25): error TS2345: Argument of type 'string' is not assignable to parameter of type 'ElementId'.
  Type 'string' is not assignable to type '{ __brand: "ElementId"; }'.
src/features/canvas/components/KonvaCanvas.tsx(292,19): error TS2345: Argument of type 'ElementId | SectionId' is not assignable to parameter of type 'ElementId'.
  Type 'SectionId' is not assignable to type 'ElementId'.
    Type 'SectionId' is not assignable to type '{ __brand: "ElementId"; }'.
      Types of property '__brand' are incompatible.
        Type '"SectionId"' is not assignable to type '"ElementId"'.
src/features/canvas/components/KonvaCanvas.tsx(391,9): error TS6133: 'memoizedElementsRecord' is declared but its value is never read.
src/features/canvas/components/KonvaCanvasIntegration.example.tsx(39,23): error TS2345: Argument of type 'string' is not assignable to parameter of type 'ElementId | SectionId'.
src/features/canvas/components/KonvaCanvasIntegration.example.tsx(43,42): error TS2345: Argument of type 'string' is not assignable to parameter of type 'ElementId'.
  Type 'string' is not assignable to type '{ __brand: "ElementId"; }'.
src/features/canvas/components/KonvaCanvasIntegration.example.tsx(46,21): error TS2345: Argument of type 'string' is not assignable to parameter of type 'ElementId'.
  Type 'string' is not assignable to type '{ __brand: "ElementId"; }'.
src/features/canvas/components/KonvaCanvasIntegration.example.tsx(59,41): error TS2345: Argument of type 'string' is not assignable to parameter of type 'SectionId'.
  Type 'string' is not assignable to type '{ __brand: "SectionId"; }'.
src/features/canvas/components/KonvaCanvasIntegration.example.tsx(64,57): error TS2339: Property 'containedElementIds' does not exist on type '{ deltaX: number; deltaY: number; childElementIds: ElementId[]; }'.
src/features/canvas/components/KonvaCanvasIntegration.example.tsx(131,12): error TS2375: Type '{ width: any; height: any; fill: any; stroke: any; strokeWidth: any; id: any; x: any; y: any; draggable: boolean; onDragEnd: ((e: KonvaEventObject<DragEvent, Node<NodeConfig>>) => void) | undefined; key: any; }' is not assignable to type 'KonvaNodeEvents' with 'exactOptionalPropertyTypes: true'. Consider adding 'undefined' to the types of the target's properties.
  Types of property 'onDragEnd' are incompatible.
    Type '((e: KonvaEventObject<DragEvent, Node<NodeConfig>>) => void) | undefined' is not assignable to type '(evt: KonvaEventObject<DragEvent, Node<NodeConfig>>) => void'.
      Type 'undefined' is not assignable to type '(evt: KonvaEventObject<DragEvent, Node<NodeConfig>>) => void'.
src/features/canvas/components/KonvaCanvasIntegration.example.tsx(144,12): error TS2375: Type '{ width: number; height: number; fill: any; stroke: any; strokeWidth: any; cornerRadius: any; id: any; x: any; y: any; draggable: boolean; onDragEnd: ((e: KonvaEventObject<DragEvent, Node<NodeConfig>>) => void) | undefined; key: any; }' is not assignable to type 'KonvaNodeEvents' with 'exactOptionalPropertyTypes: true'. Consider adding 'undefined' to the types of the target's properties.
  Types of property 'onDragEnd' are incompatible.
    Type '((e: KonvaEventObject<DragEvent, Node<NodeConfig>>) => void) | undefined' is not assignable to type '(evt: KonvaEventObject<DragEvent, Node<NodeConfig>>) => void'.
      Type 'undefined' is not assignable to type '(evt: KonvaEventObject<DragEvent, Node<NodeConfig>>) => void'.
src/features/canvas/components/KonvaCanvasIntegration.example.tsx(228,20): error TS2379: Argument of type '{ id: string; type: string; x: number; y: number; width: number; height: number; fill: string; stroke: string; strokeWidth: number; sectionId: string | undefined; }' is not assignable to parameter of type 'CanvasElement' with 'exactOptionalPropertyTypes: true'. Consider adding 'undefined' to the types of the target's properties.
  Type '{ id: string; type: string; x: number; y: number; width: number; height: number; fill: string; stroke: string; strokeWidth: number; sectionId: string | undefined; }' is missing the following properties from type 'TriangleElement': points, createdAt, updatedAt
src/features/canvas/components/KonvaCanvasIntegration.example.tsx(232,31): error TS2345: Argument of type 'string' is not assignable to parameter of type 'ElementId'.
  Type 'string' is not assignable to type '{ __brand: "ElementId"; }'.
src/features/canvas/components/KonvaCanvasRefactored.tsx(145,55): error TS2345: Argument of type 'ElementId | SectionId' is not assignable to parameter of type 'ElementId'.
  Type 'SectionId' is not assignable to type 'ElementId'.
    Type 'SectionId' is not assignable to type '{ __brand: "ElementId"; }'.
      Types of property '__brand' are incompatible.
        Type '"SectionId"' is not assignable to type '"ElementId"'.
src/features/canvas/components/RichTextCellEditor.tsx(400,10): error TS2304: Cannot find name 'ContentEditableRichTextEditor'.
src/features/canvas/components/RichTextRenderer.tsx(11,11): error TS6196: 'LegacyCanvasElement' is declared but never used.
src/features/canvas/components/RichTextRenderer.tsx(23,35): error TS2552: Cannot find name 'CanvasElement'. Did you mean 'HTMLCanvasElement'?
src/features/canvas/components/RichTextRenderer.tsx(25,13): error TS2304: Cannot find name 'RichTextSegment'.
src/features/canvas/components/RichTextRenderer.tsx(34,55): error TS2304: Cannot find name 'RichTextSegment'.
src/features/canvas/components/RichTextRenderer.tsx(57,31): error TS7006: Parameter 'segment' implicitly has an 'any' type.
src/features/canvas/components/RichTextRenderer.tsx(84,31): error TS6133: 'e' is declared but its value is never read.
src/features/canvas/components/RichTextRenderer.tsx(99,34): error TS6133: 'e' is declared but its value is never read.
src/features/canvas/components/RichTextRenderer.tsx(150,45): error TS7006: Parameter 's' implicitly has an 'any' type.
src/features/canvas/components/RichTextSystem/UnifiedRichTextManager.ts(231,42): error TS2379: Argument of type '{ text?: string; fontSize?: number; fontFamily?: string; fontStyle?: string; fontWeight?: string; textDecoration?: string; fill?: string; url?: string; textAlign?: "left" | "center" | "right"; listType?: "none" | "bullet" | "numbered"; }' is not assignable to parameter of type 'RichTextSegment' with 'exactOptionalPropertyTypes: true'. Consider adding 'undefined' to the types of the target's properties.
  Property 'text' is optional in type '{ text?: string; fontSize?: number; fontFamily?: string; fontStyle?: string; fontWeight?: string; textDecoration?: string; fill?: string; url?: string; textAlign?: "center" | "left" | "right"; listType?: "none" | ... 1 more ... | "numbered"; }' but required in type 'RichTextSegment'.
src/features/canvas/components/RichTextSystem/UnifiedRichTextManager.ts(233,25): error TS18048: 'next' is possibly 'undefined'.
src/features/canvas/components/RichTextSystem/UnifiedRichTextManager.ts(236,21): error TS2379: Argument of type '{ text?: string; fontSize?: number; fontFamily?: string; fontStyle?: string; fontWeight?: string; textDecoration?: string; fill?: string; url?: string; textAlign?: "left" | "center" | "right"; listType?: "none" | "bullet" | "numbered"; }' is not assignable to parameter of type 'RichTextSegment' with 'exactOptionalPropertyTypes: true'. Consider adding 'undefined' to the types of the target's properties.
  Property 'text' is optional in type '{ text?: string; fontSize?: number; fontFamily?: string; fontStyle?: string; fontWeight?: string; textDecoration?: string; fill?: string; url?: string; textAlign?: "center" | "left" | "right"; listType?: "none" | ... 1 more ... | "numbered"; }' but required in type 'RichTextSegment'.
src/features/canvas/components/RichTextSystem/UnifiedRichTextManager.ts(241,17): error TS2379: Argument of type '{ text?: string; fontSize?: number; fontFamily?: string; fontStyle?: string; fontWeight?: string; textDecoration?: string; fill?: string; url?: string; textAlign?: "left" | "center" | "right"; listType?: "none" | "bullet" | "numbered"; }' is not assignable to parameter of type 'RichTextSegment' with 'exactOptionalPropertyTypes: true'. Consider adding 'undefined' to the types of the target's properties.
  Property 'text' is optional in type '{ text?: string; fontSize?: number; fontFamily?: string; fontStyle?: string; fontWeight?: string; textDecoration?: string; fill?: string; url?: string; textAlign?: "center" | "left" | "right"; listType?: "none" | ... 1 more ... | "numbered"; }' but required in type 'RichTextSegment'.
src/features/canvas/components/RichTextSystem/UnifiedRichTextManager.ts(451,34): error TS2345: Argument of type 'ChildNode | undefined' is not assignable to parameter of type 'Node'.
  Type 'undefined' is not assignable to type 'Node'.
src/features/canvas/components/RichTextSystem/UnifiedRichTextManager.ts(465,37): error TS18048: 'value' is possibly 'undefined'.
src/features/canvas/components/RichTextSystem/UnifiedRichTextManager.ts(469,32): error TS18048: 'value' is possibly 'undefined'.
src/features/canvas/components/RichTextSystem/UnifiedRichTextManager.ts(472,11): error TS2412: Type 'string | undefined' is not assignable to type 'string' with 'exactOptionalPropertyTypes: true'. Consider adding 'undefined' to the type of the target.
  Type 'undefined' is not assignable to type 'string'.
src/features/canvas/components/RichTextSystem/UnifiedRichTextManager.ts(475,44): error TS2345: Argument of type 'string | undefined' is not assignable to parameter of type 'string'.
  Type 'undefined' is not assignable to type 'string'.
src/features/canvas/components/RichTextSystem/UnifiedRichTextManager.ts(485,11): error TS2412: Type 'string | undefined' is not assignable to type 'string' with 'exactOptionalPropertyTypes: true'. Consider adding 'undefined' to the type of the target.
  Type 'undefined' is not assignable to type 'string'.
src/features/canvas/components/sections/SectionHandler.tsx(34,19): error TS2345: Argument of type 'SectionId' is not assignable to parameter of type 'ElementId'.
  Type 'SectionId' is not assignable to type '{ __brand: "ElementId"; }'.
    Types of property '__brand' are incompatible.
      Type '"SectionId"' is not assignable to type '"ElementId"'.
src/features/canvas/components/sections/SectionHandler.tsx(47,19): error TS2345: Argument of type 'SectionId' is not assignable to parameter of type 'ElementId'.
  Type 'SectionId' is not assignable to type '{ __brand: "ElementId"; }'.
    Types of property '__brand' are incompatible.
      Type '"SectionId"' is not assignable to type '"ElementId"'.
src/features/canvas/components/toolbar/KonvaToolbar.tsx(273,28): error TS2345: Argument of type '{ id: string; type: "image"; x: number; y: number; width: number; height: number; imageUrl: string; sectionId: SectionId | null; }' is not assignable to parameter of type 'CanvasElement'.
  Type '{ id: string; type: "image"; x: number; y: number; width: number; height: number; imageUrl: string; sectionId: SectionId | null; }' is missing the following properties from type 'ImageElement': createdAt, updatedAt
src/features/canvas/components/toolbar/KonvaToolbar.tsx(275,39): error TS2345: Argument of type 'string' is not assignable to parameter of type 'ElementId'.
  Type 'string' is not assignable to type '{ __brand: "ElementId"; }'.
src/features/canvas/components/toolbar/KonvaToolbar.tsx(278,31): error TS2345: Argument of type 'string' is not assignable to parameter of type 'ElementId'.
  Type 'string' is not assignable to type '{ __brand: "ElementId"; }'.
src/features/canvas/components/UnifiedTextEditor.tsx(57,13): error TS7030: Not all code paths return a value.
src/features/canvas/components/UnifiedTextEditor.tsx(95,13): error TS7030: Not all code paths return a value.
src/features/canvas/components/UnifiedTextEditor.tsx(136,13): error TS7030: Not all code paths return a value.
src/features/canvas/components/UnifiedTextElement.tsx(283,18): error TS2375: Type '{ key: number; ref: RefObject<any> | undefined; y: number; width: number; height: number | undefined; text: string; fontSize: number; fontFamily: string; fill: string; fontStyle: string; ... 5 more ...; onTap: (e: any) => void; }' is not assignable to type 'TextConfig' with 'exactOptionalPropertyTypes: true'. Consider adding 'undefined' to the types of the target's properties.
  Types of property 'height' are incompatible.
    Type 'number | undefined' is not assignable to type 'number'.
      Type 'undefined' is not assignable to type 'number'.
src/features/canvas/components/UnifiedTextElement.tsx(307,14): error TS2375: Type '{ ref: RefObject<any>; width: number; height: number | undefined; text: string; fontSize: number; fontFamily: string; fill: string; fontStyle: string; textDecoration: string; align: "center" | ... 1 more ... | "right"; verticalAlign: string; wrap: string; onClick: (e: any) => void; onTap: (e: any) => void; }' is not assignable to type 'TextConfig' with 'exactOptionalPropertyTypes: true'. Consider adding 'undefined' to the types of the target's properties.
  Types of property 'height' are incompatible.
    Type 'number | undefined' is not assignable to type 'number'.
      Type 'undefined' is not assignable to type 'number'.
src/features/canvas/components/UnifiedTextElement.tsx(327,14): error TS2375: Type '{ width: number; height: number | undefined; text: string; fontSize: number; fontFamily: string; fill: string; align: string; verticalAlign: string; fontStyle: string; opacity: number; }' is not assignable to type 'TextConfig' with 'exactOptionalPropertyTypes: true'. Consider adding 'undefined' to the types of the target's properties.
  Types of property 'height' are incompatible.
    Type 'number | undefined' is not assignable to type 'number'.
      Type 'undefined' is not assignable to type 'number'.
src/features/canvas/hooks/canvas/useCanvasEvents.ts(68,25): error TS2345: Argument of type 'string' is not assignable to parameter of type 'ElementId'.
  Type 'string' is not assignable to type '{ __brand: "ElementId"; }'.
src/features/canvas/hooks/canvas/useCanvasEvents.ts(167,27): error TS2345: Argument of type 'string' is not assignable to parameter of type 'ElementId'.
  Type 'string' is not assignable to type '{ __brand: "ElementId"; }'.
src/features/canvas/hooks/canvas/useCanvasEvents.ts(318,66): error TS2345: Argument of type 'string' is not assignable to parameter of type 'ElementId'.
  Type 'string' is not assignable to type '{ __brand: "ElementId"; }'.
src/features/canvas/hooks/canvas/useCanvasEvents.ts(325,25): error TS2345: Argument of type 'string' is not assignable to parameter of type 'ElementId'.
  Type 'string' is not assignable to type '{ __brand: "ElementId"; }'.
src/features/canvas/hooks/canvas/useCanvasEvents.ts(363,25): error TS2345: Argument of type 'string' is not assignable to parameter of type 'ElementId'.
  Type 'string' is not assignable to type '{ __brand: "ElementId"; }'.
src/features/canvas/hooks/canvas/useShapeCaching.ts(53,25): error TS2339: Property 'width' does not exist on type 'CanvasElement'.
  Property 'width' does not exist on type 'CircleElement'.
src/features/canvas/hooks/canvas/useShapeCaching.ts(53,48): error TS2339: Property 'height' does not exist on type 'CanvasElement'.
  Property 'height' does not exist on type 'CircleElement'.
src/features/canvas/hooks/canvas/useShapeCaching.ts(57,13): error TS2339: Property 'fill' does not exist on type 'CanvasElement'.
  Property 'fill' does not exist on type 'SectionElement'.
src/features/canvas/hooks/canvas/useShapeCaching.ts(58,13): error TS2339: Property 'stroke' does not exist on type 'CanvasElement'.
  Property 'stroke' does not exist on type 'TextElement'.
src/features/canvas/hooks/canvas/useShapeCaching.ts(59,13): error TS2339: Property 'strokeWidth' does not exist on type 'CanvasElement'.
  Property 'strokeWidth' does not exist on type 'TextElement'.
src/features/canvas/hooks/canvas/useShapeCaching.ts(60,13): error TS2339: Property 'fontSize' does not exist on type 'CanvasElement'.
  Property 'fontSize' does not exist on type 'RectangleElement'.
src/features/canvas/hooks/canvas/useShapeCaching.ts(61,13): error TS2339: Property 'fontFamily' does not exist on type 'CanvasElement'.
  Property 'fontFamily' does not exist on type 'RectangleElement'.
src/features/canvas/hooks/canvas/useShapeCaching.ts(62,13): error TS2339: Property 'backgroundColor' does not exist on type 'CanvasElement'.
  Property 'backgroundColor' does not exist on type 'TextElement'.
src/features/canvas/hooks/canvas/useShapeCaching.ts(63,13): error TS2339: Property 'textColor' does not exist on type 'CanvasElement'.
  Property 'textColor' does not exist on type 'TextElement'.
src/features/canvas/hooks/canvas/useShapeCaching.ts(77,20): error TS2339: Property 'width' does not exist on type 'CanvasElement'.
  Property 'width' does not exist on type 'CircleElement'.
src/features/canvas/hooks/canvas/useShapeCaching.ts(78,21): error TS2339: Property 'height' does not exist on type 'CanvasElement'.
  Property 'height' does not exist on type 'CircleElement'.
src/features/canvas/hooks/canvas/useShapeCaching.ts(79,19): error TS2339: Property 'fill' does not exist on type 'CanvasElement'.
  Property 'fill' does not exist on type 'SectionElement'.
src/features/canvas/hooks/canvas/useShapeCaching.ts(80,21): error TS2339: Property 'stroke' does not exist on type 'CanvasElement'.
  Property 'stroke' does not exist on type 'TextElement'.
src/features/canvas/hooks/canvas/useShapeCaching.ts(81,26): error TS2339: Property 'strokeWidth' does not exist on type 'CanvasElement'.
  Property 'strokeWidth' does not exist on type 'TextElement'.
src/features/canvas/hooks/canvas/useShapeCaching.ts(82,23): error TS2339: Property 'fontSize' does not exist on type 'CanvasElement'.
  Property 'fontSize' does not exist on type 'RectangleElement'.
src/features/canvas/hooks/canvas/useShapeCaching.ts(83,25): error TS2339: Property 'fontFamily' does not exist on type 'CanvasElement'.
  Property 'fontFamily' does not exist on type 'RectangleElement'.
src/features/canvas/hooks/canvas/useShapeCaching.ts(84,24): error TS2339: Property 'fontStyle' does not exist on type 'CanvasElement'.
  Property 'fontStyle' does not exist on type 'RectangleElement'.
src/features/canvas/hooks/canvas/useShapeCaching.ts(85,29): error TS2339: Property 'textDecoration' does not exist on type 'CanvasElement'.
  Property 'textDecoration' does not exist on type 'RectangleElement'.
src/features/canvas/hooks/canvas/useShapeCaching.ts(86,19): error TS2339: Property 'text' does not exist on type 'CanvasElement'.
  Property 'text' does not exist on type 'RectangleElement'.
src/features/canvas/hooks/canvas/useShapeCaching.ts(145,28): error TS2339: Property 'width' does not exist on type 'CanvasElement'.
  Property 'width' does not exist on type 'CircleElement'.
src/features/canvas/hooks/canvas/useShapeCaching.ts(145,45): error TS2339: Property 'height' does not exist on type 'CanvasElement'.
  Property 'height' does not exist on type 'CircleElement'.
src/features/canvas/hooks/canvas/useShapeCaching.ts(152,71): error TS2339: Property 'width' does not exist on type 'CanvasElement'.
  Property 'width' does not exist on type 'CircleElement'.
src/features/canvas/hooks/canvas/useShapeCaching.ts(152,86): error TS2339: Property 'height' does not exist on type 'CanvasElement'.
  Property 'height' does not exist on type 'CircleElement'.
src/features/canvas/hooks/index.ts(16,1): error TS2308: Module './canvas/useCanvasPerformance' has already exported a member named 'useCanvasMemoryStats'. Consider explicitly re-exporting to resolve the ambiguity.
src/features/canvas/hooks/index.ts(16,1): error TS2308: Module './canvas/useCanvasPerformance' has already exported a member named 'useMemoryAlerts'. Consider explicitly re-exporting to resolve the ambiguity.
src/features/canvas/layers/CanvasLayerManager.tsx(48,3): error TS6133: 'onTransformEnd' is declared but its value is never read.
src/features/canvas/layers/ConnectorLayer.tsx(59,13): error TS2740: Type '{}' is missing the following properties from type 'Map<ElementId | SectionId, CanvasElement>': clear, delete, forEach, get, and 8 more.
src/features/canvas/layers/ConnectorLayer.tsx(60,13): error TS2740: Type '{}' is missing the following properties from type 'Map<SectionId, any>': clear, delete, forEach, get, and 8 more.
src/features/canvas/shapes/CachedShape.tsx(65,5): error TS6133: 'applyCaching' is declared but its value is never read.
src/features/canvas/shapes/CachedShape.tsx(66,5): error TS6133: 'clearCaching' is declared but its value is never read.
src/features/canvas/shapes/EditableNode.tsx(235,11): error TS2375: Type 'import("C:/Projects/LibreOllama/src/features/canvas/stores/types").CanvasElement' is not assignable to type 'import("C:/Projects/LibreOllama/src/features/canvas/types/enhanced.types").CanvasElement' with 'exactOptionalPropertyTypes: true'. Consider adding 'undefined' to the types of the target's properties.
  Type 'CanvasElement' is missing the following properties from type 'ConnectorElement': createdAt, updatedAt
src/features/canvas/shapes/EditableNode.tsx(237,60): error TS2379: Argument of type 'import("C:/Projects/LibreOllama/src/features/canvas/types/enhanced.types").CanvasElement' is not assignable to parameter of type 'import("C:/Projects/LibreOllama/src/features/canvas/stores/types").CanvasElement' with 'exactOptionalPropertyTypes: true'. Consider adding 'undefined' to the types of the target's properties.
  Type 'ConnectorElement' is not assignable to type 'CanvasElement' with 'exactOptionalPropertyTypes: true'. Consider adding 'undefined' to the types of the target's properties.
    Types of property 'connectorStyle' are incompatible.
      Type 'import("C:/Projects/LibreOllama/src/features/canvas/types/enhanced.types").ConnectorStyle' is not assignable to type 'import("C:/Projects/LibreOllama/src/types/connector").ConnectorStyle' with 'exactOptionalPropertyTypes: true'. Consider adding 'undefined' to the types of the target's properties.
        Property 'strokeColor' is optional in type 'ConnectorStyle' but required in type 'ConnectorStyle'.
src/features/canvas/shapes/EditableNode.tsx(238,62): error TS2379: Argument of type 'Partial<import("C:/Projects/LibreOllama/src/features/canvas/types/enhanced.types").CanvasElement>' is not assignable to parameter of type 'Partial<import("C:/Projects/LibreOllama/src/features/canvas/stores/types").CanvasElement>' with 'exactOptionalPropertyTypes: true'. Consider adding 'undefined' to the types of the target's properties.
  Type 'Partial<ConnectorElement>' is not assignable to type 'Partial<CanvasElement>' with 'exactOptionalPropertyTypes: true'. Consider adding 'undefined' to the types of the target's properties.
    Types of property 'connectorStyle' are incompatible.
      Type 'import("C:/Projects/LibreOllama/src/features/canvas/types/enhanced.types").ConnectorStyle' is not assignable to type 'import("C:/Projects/LibreOllama/src/types/connector").ConnectorStyle' with 'exactOptionalPropertyTypes: true'. Consider adding 'undefined' to the types of the target's properties.
        Property 'strokeColor' is optional in type 'ConnectorStyle' but required in type 'ConnectorStyle'.
src/features/canvas/shapes/EditableNode.tsx(247,11): error TS2739: Type 'CanvasElement' is missing the following properties from type 'ConnectorElement': createdAt, updatedAt
src/features/canvas/shapes/EditableNode.tsx(250,11): error TS2740: Type '{}' is missing the following properties from type 'Map<ElementId | SectionId, CanvasElement>': clear, delete, forEach, get, and 8 more.
src/features/canvas/shapes/EditableNode.tsx(251,11): error TS2740: Type '{}' is missing the following properties from type 'Map<SectionId, any>': clear, delete, forEach, get, and 8 more.
src/features/canvas/shapes/MemoryOptimizedShape.tsx(14,8): error TS2307: Cannot find module '../../features/canvas/hooks/canvas/useCanvasPerformance' or its corresponding type declarations.
src/features/canvas/shapes/RectangleShape.tsx(30,5): error TS2375: Type 'import("C:/Projects/LibreOllama/src/features/canvas/stores/types").CanvasElement' is not assignable to type 'import("C:/Projects/LibreOllama/src/features/canvas/types/enhanced.types").CanvasElement' with 'exactOptionalPropertyTypes: true'. Consider adding 'undefined' to the types of the target's properties.
  Type 'CanvasElement' is missing the following properties from type 'ConnectorElement': createdAt, updatedAt
src/features/canvas/shapes/SectionShape.tsx(39,5): error TS2322: Type 'SectionElement' is not assignable to type 'CanvasElement'.
  Type 'SectionElement' is missing the following properties from type 'SectionElement': childElementIds, createdAt, updatedAt
src/features/canvas/stores/slices/canvasHistoryStore.ts(10,17): error TS6133: 'applyPatches' is declared but its value is never read.
src/features/canvas/stores/types.ts(165,35): error TS2459: Module '"./slices/canvasHistoryStore"' declares 'HistoryEntry' locally, but it is not exported.
src/features/canvas/types.ts(83,11): error TS2304: Cannot find name 'BoundingBox'.
src/features/canvas/utils/canvas/CacheManager.ts(8,50): error TS2307: Cannot find module '../performance' or its corresponding type declarations.
src/features/canvas/utils/canvas/CacheManager.ts(9,36): error TS2307: Cannot find module '../performance/MemoryUsageMonitor' or its corresponding type declarations.
src/features/canvas/utils/canvas/CacheManager.ts(10,36): error TS2307: Cannot find module './types' or its corresponding type declarations.
src/features/canvas/utils/canvas/EventOptimizer.ts(8,50): error TS2307: Cannot find module '../performance' or its corresponding type declarations.
src/features/canvas/utils/canvas/EventOptimizer.ts(342,29): error TS6133: 'event' is declared but its value is never read.
src/features/canvas/utils/canvas/EventOptimizer.ts(466,28): error TS6133: 'event' is declared but its value is never read.
src/features/canvas/utils/canvas/RenderOptimizer.ts(8,50): error TS2307: Cannot find module '../performance' or its corresponding type declarations.
src/features/canvas/utils/canvas/RenderOptimizer.ts(9,36): error TS2307: Cannot find module './types' or its corresponding type declarations.
src/features/canvas/utils/coordinateService.ts(195,5): error TS6133: 'sections' is declared but its value is never read.
src/features/canvas/utils/coordinateService.ts(200,11): error TS6133: 'validDelta' is declared but its value is never read.
src/features/canvas/utils/events/delegation.ts(10,1): error TS6133: 'KonvaNode' is declared but its value is never read.
src/features/canvas/utils/events/delegation.ts(10,10): error TS2724: '"../../types/konva.types"' has no exported member named 'KonvaNode'. Did you mean 'KonvaNodeRef'?
src/features/canvas/utils/importPathFixes.ts(4,1): error TS6133: 'fs' is declared but its value is never read.
src/features/canvas/utils/importPathFixes.ts(5,1): error TS6133: 'path' is declared but its value is never read.
src/features/canvas/utils/memoryProfiler.ts(12,11): error TS6133: 'isMonitoring' is declared but its value is never read.
src/features/canvas/utils/operationQueue.ts(103,43): error TS2532: Object is possibly 'undefined'.
src/features/canvas/utils/snappingUtils.ts(2,25): error TS6133: 'ElementId' is declared but its value is never read.
src/features/canvas/utils/spatial/Quadtree.ts(46,31): error TS2532: Object is possibly 'undefined'.
src/features/canvas/utils/spatial/Quadtree.ts(47,31): error TS2532: Object is possibly 'undefined'.
src/features/canvas/utils/spatial/Quadtree.ts(67,29): error TS2532: Object is possibly 'undefined'.
src/features/canvas/utils/spatial/Quadtree.ts(68,29): error TS2532: Object is possibly 'undefined'.
src/features/canvas/utils/spatial/Quadtree.ts(194,28): error TS2345: Argument of type 'ElementId | SectionId' is not assignable to parameter of type 'ElementId'.
  Type 'SectionId' is not assignable to type 'ElementId'.
    Type 'SectionId' is not assignable to type '{ __brand: "ElementId"; }'.
      Types of property '__brand' are incompatible.
        Type '"SectionId"' is not assignable to type '"ElementId"'.
src/features/canvas/utils/spatial/Quadtree.ts(195,36): error TS2345: Argument of type 'ElementId | SectionId' is not assignable to parameter of type 'ElementId'.
  Type 'SectionId' is not assignable to type 'ElementId'.
    Type 'SectionId' is not assignable to type '{ __brand: "ElementId"; }'.
      Types of property '__brand' are incompatible.
        Type '"SectionId"' is not assignable to type '"ElementId"'.
src/features/canvas/utils/spatial/Quadtree.ts(213,17): error TS2345: Argument of type 'ElementId | SectionId' is not assignable to parameter of type 'ElementId'.
  Type 'SectionId' is not assignable to type 'ElementId'.
    Type 'SectionId' is not assignable to type '{ __brand: "ElementId"; }'.
      Types of property '__brand' are incompatible.
        Type '"SectionId"' is not assignable to type '"ElementId"'.
src/features/canvas/utils/viewport/viewportCuller.ts(1,10): error TS2724: '"../../types/konva.types"' has no exported member named 'KonvaNode'. Did you mean 'KonvaNodeRef'?
src/features/canvas/utils/viewport/viewportCuller.ts(3,27): error TS2307: Cannot find module '../layers/types' or its corresponding type declarations.
src/hooks/useWidgetData.ts(74,13): error TS7030: Not all code paths return a value.
src/lib/types.ts(31,8): error TS2307: Cannot find module '../../types/richText' or its corresponding type declarations.
src/lib/types.ts(37,8): error TS2307: Cannot find module '../../types/richText' or its corresponding type declarations.
src/pages/Agents.tsx(97,20): error TS2379: Argument of type '{ title: string; primaryAction: { label: string; onClick: () => void; icon: JSX.Element; }; secondaryActions: undefined; breadcrumb: undefined; viewSwitcher: undefined; }' is not assignable to parameter of type 'HeaderProps' with 'exactOptionalPropertyTypes: true'. Consider adding 'undefined' to the types of the target's properties.
  Types of property 'breadcrumb' are incompatible.
    Type 'undefined' is not assignable to type 'BreadcrumbItem[]'.
src/pages/Notes.tsx(180,24): error TS2532: Object is possibly 'undefined'.
src/pages/Notes.tsx(420,21): error TS2532: Object is possibly 'undefined'.
src/pages/Notes.tsx(570,40): error TS2345: Argument of type 'Block | undefined' is not assignable to parameter of type 'Block'.
  Type 'undefined' is not assignable to type 'Block'.
src/pages/Notes.tsx(589,35): error TS2532: Object is possibly 'undefined'.
src/pages/Notes.tsx(591,21): error TS2532: Object is possibly 'undefined'.
src/pages/Projects.tsx(238,74): error TS2345: Argument of type 'Project | undefined' is not assignable to parameter of type 'Project | (() => Project | null) | null'.
  Type 'undefined' is not assignable to type 'Project | (() => Project | null) | null'.
src/pages/Projects.tsx(264,13): error TS7030: Not all code paths return a value.
src/tests/phase1-test-suite.ts(315,15): error TS6133: 'inBounds' is declared but its value is never read.
src/tests/phase1-test-suite.ts(325,13): error TS6133: 'groupProps' is declared but its value is never read.
src/tests/run-canvas-sections-tests.ts(212,38): error TS6133: 'issue' is declared but its value is never read.
src/tests/run-canvas-sections-tests.ts(212,45): error TS6133: 'index' is declared but its value is never read.
src/tests/run-canvas-sections-tests.ts(221,39): error TS6133: 'recommendation' is declared but its value is never read.
src/tests/run-canvas-sections-tests.ts(221,55): error TS6133: 'index' is declared but its value is never read.
src/tests/run-canvas-sections-tests.ts(237,11): error TS6133: 'compatibilityFactors' is declared but its value is never read.
src/tests/setup/testSetup.ts(51,1): error TS2322: Type 'typeof IntersectionObserver' is not assignable to type '{ new (callback: IntersectionObserverCallback, options?: IntersectionObserverInit | undefined): IntersectionObserver; prototype: IntersectionObserver; }'.
  Types of property 'prototype' are incompatible.
    Type 'IntersectionObserver' is missing the following properties from type 'IntersectionObserver': root, rootMargin, thresholds, takeRecords
src/tests/setup/testSetup.ts(79,1): error TS2322: Type 'typeof File' is not assignable to type '{ new (fileBits: BlobPart[], fileName: string, options?: FilePropertyBag | undefined): File; prototype: File; }'.
  Types of property 'prototype' are incompatible.
    Type 'File' is missing the following properties from type 'File': lastModified, webkitRelativePath, size, type
src/tests/setup/testSetup.ts(87,1): error TS2739: Type 'typeof FileReader' is missing the following properties from type '{ new (): FileReader; prototype: FileReader; readonly EMPTY: 0; readonly LOADING: 1; readonly DONE: 2; }': EMPTY, LOADING, DONE
src/utils/fontLoader.ts(84,29): error TS2339: Property 'createElement' does not exist on type 'never'.
src/utils/phase1-validation.ts(28,11): error TS6133: 'featureFlagsModule' is declared but its value is never read.
src/utils/phase1-validation.ts(32,11): error TS6133: 'groupedRendererModule' is declared but its value is never read.
src/utils/phase1-validation.ts(36,11): error TS6133: 'transformerModule' is declared but its value is never read.
src/utils/phase1-validation.ts(132,41): error TS18048: 'child.radius' is possibly 'undefined'.
src/utils/phase1-validation.ts(133,43): error TS18048: 'child.radius' is possibly 'undefined'.
